<area shape="rect" href="$finaldump_8f.html#42637a270444b50dcfa88a9d2c288b5b" title="FinalDump" alt="" coords="271,6,353,30">
<area shape="rect" href="$memalloc_8f.html#4a59b5f5b5610658545a8f2aea5256bf" title="MemAlloc" alt="" coords="403,104,483,128">
<area shape="rect" href="$hydrodynamics_8f.html#6bfe5b882bafa9bc1d56c3ba28b0cc56" title="Hydrodynamics" alt="" coords="107,104,219,128">
<area shape="rect" href="$init_8f.html#a02e93cd3720fe57a1bfcd423851c8e3" title="Init" alt="" coords="143,203,183,227">
<area shape="rect" href="$stats_8f.html#212951a812eda86d6f99526f24c636e8" title="Stats" alt="" coords="287,154,337,178">
<area shape="rect" href="$vtkplane_8f.html#8db1dc0a762fa9cf047dbb705b84e633" title="VtkPlane" alt="" coords="275,203,349,227">
<area shape="rect" href="$mpi__updatefg_8f.html#6e3a1ea6646afdea6429e087fc3c8114" title="MPI_UpdateFG" alt="" coords="107,302,219,326">
<area shape="rect" href="$mpi__updaterho_8f.html#44552461d399c663976b427165114ca0" title="MPI_UpdateRho" alt="" coords="105,350,220,374">
<area shape="rect" href="$parameters_8f.html#72153af8551b7ae61a66de690099c03b" title="Parameters" alt="" coords="119,398,207,422">
<area shape="rect" href="$poststream_8f.html#1e986a197ab5dc7dd568a983d88aed70" title="PostStream" alt="" coords="117,446,208,470">
<area shape="rect" href="$prestream_8f.html#ef9d9f5eeca6b9c3399d1ba8894d7574" title="PreStream" alt="" coords="121,494,204,518">
<area shape="rect" href="$vgrid_8f.html#0b47add79ea09b9ebdc21b5a12a0ce76" title="VGrid" alt="" coords="136,542,189,566">
<area shape="rect" href="$vtkplane_8f.html#23cead6b7fd8313edec7ae6bad498981" title="Set vtk file name as a function of processor number and time step." alt="" coords="421,203,464,227">
