<area shape="rect" href="$collision__f_8f.html#78bb04d5f5be1457bed5bc48cdc032c4" title="CollisionF" alt="" coords="109,5,187,29">
<area shape="rect" href="$collision__g_8f.html#40953151c1ed0cd824a6225eedddd381" title="CollisionG" alt="" coords="108,53,188,77">
<area shape="rect" href="$differentials_8f.html#ffec493139f34bae8deb0ef421c47aee" title="Differentials" alt="" coords="240,201,331,225">
<area shape="rect" href="$finaldump_8f.html#42637a270444b50dcfa88a9d2c288b5b" title="FinalDump" alt="" coords="244,352,327,376">
<area shape="rect" href="$memalloc_8f.html#4a59b5f5b5610658545a8f2aea5256bf" title="MemAlloc" alt="" coords="379,277,459,301">
<area shape="rect" href="$init_8f.html#a02e93cd3720fe57a1bfcd423851c8e3" title="Init" alt="" coords="128,152,168,176">
<area shape="rect" href="$stats_8f.html#212951a812eda86d6f99526f24c636e8" title="Stats" alt="" coords="260,252,311,276">
<area shape="rect" href="$vtkplane_8f.html#8db1dc0a762fa9cf047dbb705b84e633" title="VtkPlane" alt="" coords="248,152,323,176">
<area shape="rect" href="$parameters_8f.html#72153af8551b7ae61a66de690099c03b" title="Parameters" alt="" coords="104,403,192,427">
<area shape="rect" href="$stream_8f.html#53d41afe3ef7e76caf5b5e5480e3b9ed" title="Stream" alt="" coords="116,451,180,475">
<area shape="rect" href="$update_8f.html#08475bf16e782ef8a6ac14f0960ec39f" title="Update" alt="" coords="117,499,179,523">
<area shape="rect" href="$vtkplane_8f.html#0a4834c70ab6d693b074d1201f6088b8" title="Set vtk file name as a function of processor number and time step." alt="" coords="397,152,440,176">
