<area shape="rect" href="$collision__f_8f.html#78bb04d5f5be1457bed5bc48cdc032c4" title="CollisionF" alt="" coords="120,5,197,29">
<area shape="rect" href="$collision__g_8f.html#40953151c1ed0cd824a6225eedddd381" title="CollisionG" alt="" coords="119,53,199,77">
<area shape="rect" href="$differentials_8f.html#ffec493139f34bae8deb0ef421c47aee" title="Differentials" alt="" coords="261,201,352,225">
<area shape="rect" href="$finaldump_8f.html#42637a270444b50dcfa88a9d2c288b5b" title="FinalDump" alt="" coords="265,352,348,376">
<area shape="rect" href="$memalloc_8f.html#4a59b5f5b5610658545a8f2aea5256bf" title="MemAlloc" alt="" coords="400,277,480,301">
<area shape="rect" href="$init_8f.html#a02e93cd3720fe57a1bfcd423851c8e3" title="Init" alt="" coords="139,152,179,176">
<area shape="rect" href="$stats_8f.html#212951a812eda86d6f99526f24c636e8" title="Stats" alt="" coords="281,252,332,276">
<area shape="rect" href="$vtkplane_8f.html#8db1dc0a762fa9cf047dbb705b84e633" title="VtkPlane" alt="" coords="269,152,344,176">
<area shape="rect" href="$parameters_8f.html#72153af8551b7ae61a66de690099c03b" title="Parameters" alt="" coords="115,403,203,427">
<area shape="rect" href="$postcollision__f_8f.html#48befde25ef53a96114bfd7749504e75" title="PostCollisionF" alt="" coords="107,451,211,475">
<area shape="rect" href="$postcollision__g_8f.html#b7e02757aeb1c4d57601ce0fb71152cd" title="PostCollisionG" alt="" coords="105,499,212,523">
<area shape="rect" href="$poststream__f_8f.html#7e6e114195b02f307b84c8c9b310122b" title="PostStreamF" alt="" coords="109,547,208,571">
<area shape="rect" href="$stream_8f.html#53d41afe3ef7e76caf5b5e5480e3b9ed" title="Stream" alt="" coords="127,595,191,619">
<area shape="rect" href="$update_8f.html#08475bf16e782ef8a6ac14f0960ec39f" title="Update" alt="" coords="128,643,189,667">
<area shape="rect" href="$vgrid_8f.html#0b47add79ea09b9ebdc21b5a12a0ce76" title="VGrid" alt="" coords="132,691,185,715">
<area shape="rect" href="$vtkplane_8f.html#23cead6b7fd8313edec7ae6bad498981" title="Set vtk file name as a function of processor number and time step." alt="" coords="419,152,461,176">
