<area shape="rect" href="$finaldump_8f.html#42637a270444b50dcfa88a9d2c288b5b" title="FinalDump" alt="" coords="303,9,385,33">
<area shape="rect" href="$memalloc_8f.html#4a59b5f5b5610658545a8f2aea5256bf" title="MemAlloc" alt="" coords="456,84,536,108">
<area shape="rect" href="$hydrodynamics__f_8f.html#e5ceac1a801e79ceb731d4c30a92b0a9" title="HydrodynamicsF" alt="" coords="108,308,228,332">
<area shape="rect" href="$hydrodynamics__g_8f.html#9c066c8e638ca318788147e4457b7b82" title="HydrodynamicsG" alt="" coords="108,356,228,380">
<area shape="rect" href="$init_8f.html#a02e93cd3720fe57a1bfcd423851c8e3" title="Init" alt="" coords="148,158,188,182">
<area shape="rect" href="$mpi__update__rho__g_8f.html#2abb5f19c8ad8d276802493e42b9cbc5" title="MPI_UpdateRhoG" alt="" coords="281,233,407,257">
<area shape="rect" href="$stats_8f.html#212951a812eda86d6f99526f24c636e8" title="Stats" alt="" coords="319,109,369,133">
<area shape="rect" href="$vtkplane_8f.html#8db1dc0a762fa9cf047dbb705b84e633" title="VtkPlane" alt="" coords="307,158,381,182">
<area shape="rect" href="$mpi__update__f_8f.html#7bc2ee5c275479255bdaeef37917e8d2" title="MPI_UpdateF" alt="" coords="117,404,219,428">
<area shape="rect" href="$mpi__update__g_8f.html#cfb8ecbd12f49eeaa06220ca7fbaca09" title="MPI_UpdateG" alt="" coords="116,452,220,476">
<area shape="rect" href="$mpi__update__hydro_8f.html#fe9f97917eff94024c2c7e65fad42f18" title="MPI_UpdateHydro" alt="" coords="104,500,232,524">
<area shape="rect" href="$mpi__update__rho__f_8f.html#d0803fa37c858722f95c90327f9ab587" title="MPI_UpdateRhoF" alt="" coords="107,548,229,572">
<area shape="rect" href="$parameters_8f.html#72153af8551b7ae61a66de690099c03b" title="Parameters" alt="" coords="124,596,212,620">
<area shape="rect" href="$poststream__f_8f.html#7e6e114195b02f307b84c8c9b310122b" title="PostStreamF" alt="" coords="119,644,217,668">
<area shape="rect" href="$poststream__g_8f.html#36722d78826dda20c70dc55756df30c9" title="PostStreamG" alt="" coords="119,692,217,716">
<area shape="rect" href="$prestream__f_8f.html#b642ade4afcd825e85523044d98a2689" title="PreStreamF" alt="" coords="123,740,213,764">
<area shape="rect" href="$prestream__g_8f.html#9d1a3ceda10fe13b05332efe0878f6d9" title="PreStreamG" alt="" coords="121,788,215,812">
<area shape="rect" href="$update__f_8f.html#5bdadd14db7705f1e3fe0444ea1e18d6" title="UpdateF" alt="" coords="133,836,203,860">
<area shape="rect" href="$update__g_8f.html#69bde985d0061c1e9f40a47b8f849394" title="UpdateG" alt="" coords="132,884,204,908">
<area shape="rect" href="$vgrid_8f.html#0b47add79ea09b9ebdc21b5a12a0ce76" title="VGrid" alt="" coords="141,932,195,956">
<area shape="rect" href="$vtkplane_8f.html#23cead6b7fd8313edec7ae6bad498981" title="Set vtk file name as a function of processor number and time step." alt="" coords="475,158,517,182">
