<area shape="rect" href="$collision_8f.html#4ca7c316bfdb75b1526e0302a21b9174" title="Collision" alt="" coords="113,6,183,30">
<area shape="rect" href="$finaldump_8f.html#42637a270444b50dcfa88a9d2c288b5b" title="FinalDump" alt="" coords="241,56,324,80">
<area shape="rect" href="$memalloc_8f.html#4a59b5f5b5610658545a8f2aea5256bf" title="MemAlloc" alt="" coords="373,131,453,155">
<area shape="rect" href="$init_8f.html#a02e93cd3720fe57a1bfcd423851c8e3" title="Init" alt="" coords="128,155,168,179">
<area shape="rect" href="$stats_8f.html#212951a812eda86d6f99526f24c636e8" title="Stats" alt="" coords="257,155,308,179">
<area shape="rect" href="$parameters_8f.html#72153af8551b7ae61a66de690099c03b" title="Parameters" alt="" coords="104,254,192,278">
<area shape="rect" href="$stream_8f.html#53d41afe3ef7e76caf5b5e5480e3b9ed" title="Stream" alt="" coords="116,302,180,326">
<area shape="rect" href="$vtkplane_8f.html#8db1dc0a762fa9cf047dbb705b84e633" title="VtkPlane" alt="" coords="111,350,185,374">
<area shape="rect" href="$vtkplane_8f.html#0a4834c70ab6d693b074d1201f6088b8" title="Set vtk file name as a function of processor number and time step." alt="" coords="261,350,304,374">
