<area shape="rect" href="$collision_8f.html#4ca7c316bfdb75b1526e0302a21b9174" title="Collision" alt="" coords="121,5,191,29">
<area shape="rect" href="$collisionrelax_8f.html#b819b62086f8d8fec48c535db2c9f0e0" title="CollisionRelax" alt="" coords="104,53,208,77">
<area shape="rect" href="$finaldump_8f.html#42637a270444b50dcfa88a9d2c288b5b" title="FinalDump" alt="" coords="257,155,340,179">
<area shape="rect" href="$memalloc_8f.html#4a59b5f5b5610658545a8f2aea5256bf" title="MemAlloc" alt="" coords="389,204,469,228">
<area shape="rect" href="$init_8f.html#a02e93cd3720fe57a1bfcd423851c8e3" title="Init" alt="" coords="136,304,176,328">
<area shape="rect" href="$stats_8f.html#212951a812eda86d6f99526f24c636e8" title="Stats" alt="" coords="273,255,324,279">
<area shape="rect" href="$vtkdump_8f.html#1bb7002316a9e514a6c45be6e3e131a1" title="VtkDump" alt="" coords="261,304,336,328">
<area shape="rect" href="$parameters_8f.html#72153af8551b7ae61a66de690099c03b" title="Parameters" alt="" coords="112,352,200,376">
<area shape="rect" href="$postcollision_8f.html#b92675277be13f29c63d06c17b11808d" title="PostCollision" alt="" coords="108,400,204,424">
<area shape="rect" href="$poststream_8f.html#1e986a197ab5dc7dd568a983d88aed70" title="PostStream" alt="" coords="111,448,201,472">
<area shape="rect" href="$relaxstats_8f.html#b629570d6c20b93abd71dc708d7070f7" title="RelaxStats" alt="" coords="256,105,341,129">
<area shape="rect" href="$stream_8f.html#53d41afe3ef7e76caf5b5e5480e3b9ed" title="Stream" alt="" coords="124,547,188,571">
<area shape="rect" href="$vgrid_8f.html#0b47add79ea09b9ebdc21b5a12a0ce76" title="VGrid" alt="" coords="129,595,183,619">
<area shape="rect" href="$vtkdump_8f.html#23cead6b7fd8313edec7ae6bad498981" title="Set vtk file name as a function of processor number and time step." alt="" coords="408,304,451,328">
