<area shape="rect" href="$collision_8f.html#4ca7c316bfdb75b1526e0302a21b9174" title="Collision" alt="" coords="119,5,188,29">
<area shape="rect" href="$finaldump_8f.html#42637a270444b50dcfa88a9d2c288b5b" title="FinalDump" alt="" coords="252,56,335,80">
<area shape="rect" href="$memalloc_8f.html#4a59b5f5b5610658545a8f2aea5256bf" title="MemAlloc" alt="" coords="384,130,464,154">
<area shape="rect" href="$init_8f.html#a02e93cd3720fe57a1bfcd423851c8e3" title="Init" alt="" coords="133,205,173,229">
<area shape="rect" href="$stats_8f.html#212951a812eda86d6f99526f24c636e8" title="Stats" alt="" coords="268,156,319,180">
<area shape="rect" href="$vtkplane_8f.html#8db1dc0a762fa9cf047dbb705b84e633" title="VtkPlane" alt="" coords="256,205,331,229">
<area shape="rect" href="$parameters_8f.html#72153af8551b7ae61a66de690099c03b" title="Parameters" alt="" coords="109,304,197,328">
<area shape="rect" href="$postcollision_8f.html#b92675277be13f29c63d06c17b11808d" title="PostCollision" alt="" coords="105,352,201,376">
<area shape="rect" href="$poststream_8f.html#1e986a197ab5dc7dd568a983d88aed70" title="PostStream" alt="" coords="108,400,199,424">
<area shape="rect" href="$stream_8f.html#53d41afe3ef7e76caf5b5e5480e3b9ed" title="Stream" alt="" coords="121,448,185,472">
<area shape="rect" href="$vgrid_8f.html#0b47add79ea09b9ebdc21b5a12a0ce76" title="VGrid" alt="" coords="127,496,180,520">
<area shape="rect" href="$vtkplane_8f.html#23cead6b7fd8313edec7ae6bad498981" title="Set vtk file name as a function of processor number and time step." alt="" coords="403,205,445,229">
