<area shape="rect" href="$finaldump_8f.html#42637a270444b50dcfa88a9d2c288b5b" title="FinalDump" alt="" coords="265,6,348,30">
<area shape="rect" href="$memalloc_8f.html#4a59b5f5b5610658545a8f2aea5256bf" title="MemAlloc" alt="" coords="397,104,477,128">
<area shape="rect" href="$hydrodynamics_8f.html#6bfe5b882bafa9bc1d56c3ba28b0cc56" title="Hydrodynamics" alt="" coords="104,104,216,128">
<area shape="rect" href="$init_8f.html#a02e93cd3720fe57a1bfcd423851c8e3" title="Init" alt="" coords="140,203,180,227">
<area shape="rect" href="$stats_8f.html#212951a812eda86d6f99526f24c636e8" title="Stats" alt="" coords="281,154,332,178">
<area shape="rect" href="$vtkplane_8f.html#8db1dc0a762fa9cf047dbb705b84e633" title="VtkPlane" alt="" coords="269,203,344,227">
<area shape="rect" href="$parameters_8f.html#72153af8551b7ae61a66de690099c03b" title="Parameters" alt="" coords="116,302,204,326">
<area shape="rect" href="$poststream_8f.html#1e986a197ab5dc7dd568a983d88aed70" title="PostStream" alt="" coords="115,350,205,374">
<area shape="rect" href="$prestream_8f.html#ef9d9f5eeca6b9c3399d1ba8894d7574" title="PreStream" alt="" coords="119,398,201,422">
<area shape="rect" href="$vtkplane_8f.html#0a4834c70ab6d693b074d1201f6088b8" title="Set vtk file name as a function of the time step." alt="" coords="416,203,459,227">
